Line 4 is not of the expected length 33. Actual length: 63. Content: 'satish    789 Pine Rd       22 this ismatching except last row.'
